2024_05_23 14:33:01|2024_05_23 14:33:12|